Removed Pin From Net: NetName=1 Pin=J2-1
Removed Pin From Net: NetName=2 Pin=J2-2
Removed Pin From Net: NetName=3 Pin=J2-3
Removed Pin From Net: NetName=4 Pin=J2-4
Removed Pin From Net: NetName=5 Pin=J2-5
Removed Pin From Net: NetName=6 Pin=J5-1
Removed Pin From Net: NetName=7 Pin=J5-2
Removed Pin From Net: NetName=8 Pin=J5-3
Removed Pin From Net: NetName=9 Pin=J5-4
Change Component Footprint: Designator=J2 Old Footprint=FP-503480-0540-MFG New Footprint=FP-503480-0540-MFG
Change Component Footprint: Designator=J3 Old Footprint=FP-503480-0540-MFG New Footprint=FP-503480-0540-MFG
Change Component Footprint: Designator=J4 Old Footprint=FP-503480-0540-MFG New Footprint=FP-503480-0540-MFG
Change Component Footprint: Designator=J5 Old Footprint=FP-503480-0540-MFG New Footprint=FP-503480-0540-MFG
Change Component Footprint: Designator=J6 Old Footprint=FP-503480-0540-MFG New Footprint=FP-503480-0540-MFG
Added Pin To Net: NetName=GND Pin=J1-10
Added Pin To Net: NetName=GND Pin=J1-11
Added Pin To Net: NetName=GND Pin=J1-12
Added Pin To Net: NetName=GND Pin=J1-14
Added Pin To Net: NetName=GND Pin=J1-15
Added Pin To Net: NetName=GND Pin=J1-16
Added Pin To Net: NetName=GND Pin=J1-17
Added Pin To Net: NetName=GND Pin=J1-18
Added Pin To Net: NetName=GND Pin=J1-19
Added Pin To Net: NetName=GND Pin=J1-20
Added Pin To Net: NetName=GND Pin=J1-21
Added Pin To Net: NetName=GND Pin=J1-22
Added Pin To Net: NetName=GND Pin=J1-23
Added Pin To Net: NetName=GND Pin=J1-24
Added Pin To Net: NetName=GND Pin=J1-25
Added Pin To Net: NetName=GND Pin=J2-1
Added Pin To Net: NetName=1 Pin=J2-2
Added Pin To Net: NetName=GND Pin=J2-3
Added Pin To Net: NetName=2 Pin=J2-4
Added Pin To Net: NetName=GND Pin=J2-5
Added Pin To Net: NetName=GND Pin=J3-1
Added Pin To Net: NetName=5 Pin=J3-2
Added Pin To Net: NetName=GND Pin=J3-3
Added Pin To Net: NetName=6 Pin=J3-4
Added Pin To Net: NetName=GND Pin=J3-5
Added Pin To Net: NetName=GND Pin=J4-1
Added Pin To Net: NetName=9 Pin=J4-2
Added Pin To Net: NetName=GND Pin=J4-3
Added Pin To Net: NetName=GND Pin=J4-4
Added Pin To Net: NetName=GND Pin=J5-1
Added Pin To Net: NetName=3 Pin=J5-2
Added Pin To Net: NetName=GND Pin=J5-3
Added Pin To Net: NetName=4 Pin=J5-4
Added Pin To Net: NetName=GND Pin=J5-5
Added Pin To Net: NetName=GND Pin=J6-1
Added Pin To Net: NetName=7 Pin=J6-2
Added Pin To Net: NetName=GND Pin=J6-3
Added Pin To Net: NetName=8 Pin=J6-4
Added Pin To Net: NetName=GND Pin=J6-5
Change Net Name : Old Net Name=GND New Net Name=10
Added Room: Name=QSTL_MicroDSUB_FFC
